
Memory Configuration

Name             Origin             Length             Attributes
vexriscv_debug   0x00000000f00f0000 0x0000000000000100
dff              0x0000000000000000 0x0000000000000400
dff2             0x0000000000000400 0x0000000000000200
flash            0x0000000010000000 0x0000000001000000
mprj             0x0000000030000000 0x0000000000100000
mprjram          0x0000000038000000 0x0000000000400000
hk               0x0000000026000000 0x0000000000100000
csr              0x00000000f0000000 0x0000000000010000
*default*        0x0000000000000000 0xffffffffffffffff

Linker script and memory map

                0x0000000000000000                __DYNAMIC = 0x0

.text           0x0000000010000000      0x490
                0x0000000010000000                _ftext = .
 *crt0*(.text)
 .text          0x0000000010000000      0x144 counter_la_fir.elf-crt0_vex.o
                0x0000000010000000                _start
                0x0000000010000020                trap_entry
 *crt0*(.text)
 *(.text.isr)
                0x0000000010000144                _etext = .
 .text          0x0000000010000144       0xb4 counter_la_fir.elf-isr.o
                0x00000000100001a4                isr
 .text          0x00000000100001f8        0x0 counter_la_fir.elf-fir.o
 .text          0x00000000100001f8      0x298 counter_la_fir.elf-fir_control.o
                0x0000000010000230                putchar
                0x0000000010000298                print
                0x00000000100002ec                main

.rela.dyn       0x0000000010000490        0x0
 .rela.text     0x0000000010000490        0x0 counter_la_fir.elf-crt0_vex.o

.rodata         0x0000000010000490        0x0
                0x0000000010000490                . = ALIGN (0x8)
 *fill*         0x0000000010000490        0x0 
                0x0000000010000490                _frodata = .
 *(.rodata .rodata.* .gnu.linkonce.r.*)
 *(.rodata1)
                0x0000000010000490                . = ALIGN (0x8)
                0x0000000010000490                _erodata = .

.data           0x0000000000000000       0x58 load address 0x0000000010000490
                0x0000000000000000                . = ALIGN (0x8)
                0x0000000000000000                _fdata = .
 *(.data .data.* .gnu.linkonce.d.*)
 .data          0x0000000000000000        0x0 counter_la_fir.elf-crt0_vex.o
 .data          0x0000000000000000        0x0 counter_la_fir.elf-isr.o
 .data          0x0000000000000000       0x58 counter_la_fir.elf-fir.o
                0x0000000000000000                taps
                0x000000000000002c                inputsignal
 .data          0x0000000000000058        0x0 counter_la_fir.elf-fir_control.o
 *(.data1)
                0x0000000000000060                _gp = ALIGN (0x10)
 *(.sdata .sdata.* .gnu.linkonce.s.*)
                0x0000000000000058                . = ALIGN (0x8)
                0x0000000000000058                _edata = .

.bss            0x0000000000000058       0x60 load address 0x00000000100004e8
                0x0000000000000058                . = ALIGN (0x8)
                0x0000000000000058                _fbss = .
 *(.dynsbss)
 *(.sbss .sbss.* .gnu.linkonce.sb.*)
 .sbss          0x0000000000000058        0x2 counter_la_fir.elf-isr.o
                0x0000000000000058                flag
 *(.scommon)
 *(.dynbss)
 *(.bss .bss.* .gnu.linkonce.b.*)
 .bss           0x000000000000005a        0x0 counter_la_fir.elf-crt0_vex.o
 .bss           0x000000000000005a        0x0 counter_la_fir.elf-isr.o
 *fill*         0x000000000000005a        0x2 
 .bss           0x000000000000005c       0x58 counter_la_fir.elf-fir.o
                0x000000000000005c                inputbuffer
                0x0000000000000088                outputsignal
 .bss           0x00000000000000b4        0x0 counter_la_fir.elf-fir_control.o
 *(COMMON)
                0x00000000000000b8                . = ALIGN (0x8)
 *fill*         0x00000000000000b4        0x4 
                0x00000000000000b8                _ebss = .
                0x00000000000000b8                _end = .

.mprjram        0x0000000038000000      0x3b0 load address 0x00000000100004e8
                0x0000000038000000                . = ALIGN (0x8)
                0x0000000038000000                _fsram = .
 *libgcc.a:*(.text .text.*)
 .mprjram       0x0000000038000000      0x3b0 counter_la_fir.elf-fir.o
                0x0000000038000000                initfir
                0x00000000380000f4                fir
                0x0000000000000600                PROVIDE (_fstack = (ORIGIN (dff2) + LENGTH (dff2)))
                0x0000000010000490                PROVIDE (_fdata_rom = LOADADDR (.data))
                [!provide]                        PROVIDE (_edata_rom = (LOADADDR (.data) + SIZEOF (.data)))
                0x00000000380003b0                PROVIDE (_esram = (ORIGIN (mprjram) + SIZEOF (.mprjram)))
                0x00000000100004e8                PROVIDE (_esram_rom = LOADADDR (.mprjram))
LOAD counter_la_fir.elf-crt0_vex.o
LOAD counter_la_fir.elf-isr.o
LOAD counter_la_fir.elf-fir.o
LOAD counter_la_fir.elf-fir_control.o
LOAD /opt/riscv/lib/gcc/riscv32-unknown-elf/12.1.0/libgcc.a
START GROUP
LOAD /opt/riscv/lib/gcc/riscv32-unknown-elf/12.1.0/../../../../riscv32-unknown-elf/lib/libc.a
LOAD /opt/riscv/lib/gcc/riscv32-unknown-elf/12.1.0/../../../../riscv32-unknown-elf/lib/libgloss.a
END GROUP
LOAD /opt/riscv/lib/gcc/riscv32-unknown-elf/12.1.0/libgcc.a
OUTPUT(counter_la_fir.elf elf32-littleriscv)

.riscv.attributes
                0x0000000000000000       0x20
 .riscv.attributes
                0x0000000000000000       0x1e counter_la_fir.elf-crt0_vex.o
 .riscv.attributes
                0x000000000000001e       0x20 counter_la_fir.elf-isr.o
 .riscv.attributes
                0x000000000000003e       0x1c counter_la_fir.elf-fir.o
 .riscv.attributes
                0x000000000000005a       0x1c counter_la_fir.elf-fir_control.o

.comment        0x0000000000000000       0x1b
 .comment       0x0000000000000000       0x1b counter_la_fir.elf-isr.o
                                         0x1c (size before relaxing)
 .comment       0x000000000000001b       0x1c counter_la_fir.elf-fir.o
 .comment       0x000000000000001b       0x1c counter_la_fir.elf-fir_control.o

.debug_line     0x0000000000000000      0x8ac
 .debug_line    0x0000000000000000      0x204 counter_la_fir.elf-crt0_vex.o
 .debug_line    0x0000000000000204       0xd1 counter_la_fir.elf-isr.o
 .debug_line    0x00000000000002d5      0x390 counter_la_fir.elf-fir.o
 .debug_line    0x0000000000000665      0x247 counter_la_fir.elf-fir_control.o

.debug_line_str
                0x0000000000000000       0xf1
 .debug_line_str
                0x0000000000000000       0x65 counter_la_fir.elf-crt0_vex.o
 .debug_line_str
                0x0000000000000065       0x6b counter_la_fir.elf-isr.o
                                        0x11c (size before relaxing)
 .debug_line_str
                0x00000000000000d0        0xc counter_la_fir.elf-fir.o
                                         0xf1 (size before relaxing)
 .debug_line_str
                0x00000000000000dc       0x15 counter_la_fir.elf-fir_control.o
                                        0x122 (size before relaxing)

.debug_info     0x0000000000000000      0x3b5
 .debug_info    0x0000000000000000       0x25 counter_la_fir.elf-crt0_vex.o
 .debug_info    0x0000000000000025       0xed counter_la_fir.elf-isr.o
 .debug_info    0x0000000000000112      0x17a counter_la_fir.elf-fir.o
 .debug_info    0x000000000000028c      0x129 counter_la_fir.elf-fir_control.o

.debug_abbrev   0x0000000000000000      0x255
 .debug_abbrev  0x0000000000000000       0x14 counter_la_fir.elf-crt0_vex.o
 .debug_abbrev  0x0000000000000014       0xa9 counter_la_fir.elf-isr.o
 .debug_abbrev  0x00000000000000bd       0xc2 counter_la_fir.elf-fir.o
 .debug_abbrev  0x000000000000017f       0xd6 counter_la_fir.elf-fir_control.o

.debug_aranges  0x0000000000000000       0x88
 .debug_aranges
                0x0000000000000000       0x20 counter_la_fir.elf-crt0_vex.o
 .debug_aranges
                0x0000000000000020       0x20 counter_la_fir.elf-isr.o
 .debug_aranges
                0x0000000000000040       0x28 counter_la_fir.elf-fir.o
 .debug_aranges
                0x0000000000000068       0x20 counter_la_fir.elf-fir_control.o

.debug_str      0x0000000000000000      0x1a9
 .debug_str     0x0000000000000000       0x71 counter_la_fir.elf-crt0_vex.o
 .debug_str     0x0000000000000071       0xec counter_la_fir.elf-isr.o
                                        0x125 (size before relaxing)
 .debug_str     0x000000000000015d       0x39 counter_la_fir.elf-fir.o
                                        0x125 (size before relaxing)
 .debug_str     0x0000000000000196       0x13 counter_la_fir.elf-fir_control.o
                                        0x11e (size before relaxing)

.debug_frame    0x0000000000000000      0x1e0
 .debug_frame   0x0000000000000000       0xa4 counter_la_fir.elf-isr.o
 .debug_frame   0x00000000000000a4       0x6c counter_la_fir.elf-fir.o
 .debug_frame   0x0000000000000110       0xd0 counter_la_fir.elf-fir_control.o

.debug_rnglists
                0x0000000000000000       0x1f
 .debug_rnglists
                0x0000000000000000       0x1f counter_la_fir.elf-fir.o
